0 info it worked if it ends with ok
1 verbose cli [
1 verbose cli   'C:\\nvm4w\\nodejs\\node.exe',
1 verbose cli   'C:\\Users\\anksu\\node_modules\\npm\\bin\\npm-cli.js',
1 verbose cli   'run',
1 verbose cli   'build',
1 verbose cli   '--prefix',
1 verbose cli   'frontend/app'
1 verbose cli ]
2 info using npm@2.15.12
3 info using node@v25.1.0
4 verbose run-script [ 'prebuild', 'build', 'postbuild' ]
5 info prebuild app@0.0.0
6 info build app@0.0.0
7 verbose unsafe-perm in lifecycle true
8 info app@0.0.0 Failed to exec build script
9 verbose stack Error: app@0.0.0 build: `vite build`
9 verbose stack Exit status 1
9 verbose stack     at EventEmitter.<anonymous> (C:\Users\anksu\node_modules\npm\lib\utils\lifecycle.js:217:16)
9 verbose stack     at EventEmitter.emit (node:events:508:28)
9 verbose stack     at ChildProcess.<anonymous> (C:\Users\anksu\node_modules\npm\lib\utils\spawn.js:24:14)
9 verbose stack     at ChildProcess.emit (node:events:508:28)
9 verbose stack     at maybeClose (node:internal/child_process:1085:16)
9 verbose stack     at ChildProcess._handle.onexit (node:internal/child_process:304:5)
10 verbose pkgid app@0.0.0
11 verbose cwd C:\Users\anksu\OneDrive\Desktop\Chat Application
12 error Windows_NT 10.0.19045
13 error argv "C:\\nvm4w\\nodejs\\node.exe" "C:\\Users\\anksu\\node_modules\\npm\\bin\\npm-cli.js" "run" "build" "--prefix" "frontend/app"
14 error node v25.1.0
15 error npm  v2.15.12
16 error code ELIFECYCLE
17 error app@0.0.0 build: `vite build`
17 error Exit status 1
18 error Failed at the app@0.0.0 build script 'vite build'.
18 error This is most likely a problem with the app package,
18 error not with npm itself.
18 error Tell the author that this fails on your system:
18 error     vite build
18 error You can get information on how to open an issue for this project with:
18 error     npm bugs app
18 error Or if that isn't available, you can get their info via:
18 error
18 error     npm owner ls app
18 error There is likely additional logging output above.
19 verbose exit [ 1, true ]
